  Command:     hprobes run --model google/gemma-3-27b-it --data /home/ubuntu/hprobes_data/bioasq/train.parquet --samples 2000 --l1-c 1 --top-k 500000 --batch-size 32 --gen-batch-size 8 --consistency-samples 10 --device cuda --l2 --stability --correlation --causal-samples 250 --causal-seeds 3 --random-baseline
  Mode:        open-ended (consistency)
  Dataset:     train.parquet  (2000 samples)
  Loading google/gemma-3-27b-it... done
  Faithful:  978 samples → results/2026-06-04/google_gemma-3-27b-it_train_095857.faithful.responses.jsonl
  Hallucinatory:  552 samples → results/2026-06-04/google_gemma-3-27b-it_train_095857.hallucinatory.responses.jsonl
  Mixed:  470 samples → results/2026-06-04/google_gemma-3-27b-it_train_095857.mixed.responses.jsonl
  Balanced: 552 faithful + 552 hallucinatory = 1104 total
  Consistent:  1104 samples after filtering
  Fitting (l1_C=1.0)...[hprobes] Layers: 62  |  Features: 1,333,248  |  Mode: H-Neuron (dual-span)
[hprobes] Valid: 1104  |  Accuracy: 0.500
[hprobes] H-Neurons: 5  |  Ratio: 0.004‰
[hprobes] Top layers: [(34, 1), (41, 1), (43, 1), (31, 1), (12, 1)]
 done
  H-Neurons:   5  (0.004‰ of all features)
  Accuracy:    0.500
  Layers:      {12: 1, 31: 1, 34: 1, 41: 1, 43: 1}

  Scoring...
[hprobes] AUROC: 0.977  |  Random: 0.500  |  Gap: +0.477
  AUROC:           0.977
  Random baseline: 0.500
  AUROC gap:      +0.477
  Balanced acc:    0.923

  Causal validation (α → correctness rate, n=250, 3 seeds):
    α=0.0 → 0.484 ± 0.016  ← suppression
    α=1.0 → 0.487 ± 0.020  ← baseline
    α=2.0 → 0.455 ± 0.021  ← amplification

  McNemar test (α=0 vs α=1): b=3, c=5, p=0.7266 (not significant)

  Random baseline (5 random neurons):
    α=0.0 → 0.448
    α=1.0 → 0.440
    α=2.0 → 0.440

  Saved → results/2026-06-04/google_gemma-3-27b-it_train_095857.json  +  google_gemma-3-27b-it_train_095857.pkl
