  Command:     hprobes run --model google/medgemma-1.5-4b-it --data /home/ubuntu/hprobes_data/triviaqa/train.parquet --samples 2000 --l1-c 1 --top-k 0 --batch-size 128 --gen-batch-size 64 --consistency-samples 10 --device cuda --l2 --stability --correlation
  Mode:        open-ended (consistency)
  Dataset:     train.parquet  (2000 samples)
  Loading google/medgemma-1.5-4b-it... done
  Faithful:  365 samples → results/2026-06-04/google_medgemma-1_5-4b-it_train_143926.faithful.responses.jsonl
  Hallucinatory:  806 samples → results/2026-06-04/google_medgemma-1_5-4b-it_train_143926.hallucinatory.responses.jsonl
  Mixed:  829 samples → results/2026-06-04/google_medgemma-1_5-4b-it_train_143926.mixed.responses.jsonl
  Balanced: 365 faithful + 365 hallucinatory = 730 total
  Consistent:  730 samples after filtering
  Fitting (l1_C=1.0)...[hprobes] Layers: 34  |  Features: 348,160  |  Mode: H-Neuron (dual-span)
[hprobes] Valid: 730  |  Accuracy: 0.500
[hprobes] H-Neurons: 4  |  Ratio: 0.011‰
[hprobes] Top layers: [(28, 1), (31, 1), (29, 1), (27, 1)]
 done
  H-Neurons:   4  (0.011‰ of all features)
  Accuracy:    0.500
  Layers:      {27: 1, 28: 1, 29: 1, 31: 1}

  Scoring...
[hprobes] AUROC: 0.735  |  Random: 0.500  |  Gap: +0.235
  AUROC:           0.735
  Random baseline: 0.500
  AUROC gap:      +0.235
  Balanced acc:    0.658

  Causal validation (α → correctness rate, n=100):
    α=0.0 → 0.520  ← suppression
    α=1.0 → 0.480  ← baseline
    α=2.0 → 0.510  ← amplification

  McNemar test (α=0 vs α=1): b=4, c=0, p=0.1250 (not significant)

  Saved → results/2026-06-04/google_medgemma-1_5-4b-it_train_143926.json  +  google_medgemma-1_5-4b-it_train_143926.pkl
