  Command:     hprobes run --model google/medgemma-1.5-4b-it --data /home/admina/cot/hprobes_data/nq_open/train.parquet --samples 2000 --gen-batch-size 8 --l1-c 1 --top-k 100000 --l2 --stability --correlation --random-baseline --consistency-samples 10 --max-new-tokens 40 --output /home/admina/cot/hprobes_benchmarks/05.26/open_ended/medgemma_nqopen_2k_c1
  Mode:        open-ended (consistency)
  Dataset:     train.parquet  (2000 samples)
  Loading google/medgemma-1.5-4b-it... done
  Faithful:  188 samples → /home/admina/cot/hprobes_benchmarks/05.26/open_ended/medgemma_nqopen_2k_c1.faithful.responses.jsonl
  Hallucinatory:  1193 samples → /home/admina/cot/hprobes_benchmarks/05.26/open_ended/medgemma_nqopen_2k_c1.hallucinatory.responses.jsonl
  Mixed:  619 samples → /home/admina/cot/hprobes_benchmarks/05.26/open_ended/medgemma_nqopen_2k_c1.mixed.responses.jsonl
  Balanced: 188 faithful + 188 hallucinatory = 376 total
  Consistent:  376 samples after filtering
  Fitting (l1_C=1.0)...[hprobes] Layers: 34  |  Features: 348,160  |  Mode: H-Neuron (dual-span)
[hprobes] Valid: 376  |  Accuracy: 0.500
[hprobes] H-Neurons: 1  |  Ratio: 0.003‰
[hprobes] Top layers: [(14, 1)]
 done
  H-Neurons:   1  (0.003‰ of all features)
  Accuracy:    0.500
  Layers:      {14: 1}

  Scoring...
[hprobes] AUROC: 0.632  |  Random: 0.500  |  Gap: +0.132
  AUROC:           0.632
  Random baseline: 0.500
  AUROC gap:      +0.132
  Balanced acc:    0.500

  Causal validation (α → correctness rate):
    α=0.0 → 0.460  ← suppression
    α=1.0 → 0.450  ← baseline
    α=2.0 → 0.470  ← amplification

  Random baseline (1 random neurons):
    α=0.0 → 0.460
    α=1.0 → 0.480
    α=2.0 → 0.460

  Saved → /home/admina/cot/hprobes_benchmarks/05.26/open_ended/medgemma_nqopen_2k_c1.json  +  medgemma_nqopen_2k_c1.pkl
