  Command:     hprobes run --model google/gemma-3-4b-it --data /home/admina/cot/hprobes_data/triviaqa/train.parquet --samples 2000 --batch-size 8 --l1-c 1 --top-k 5000 --consistency-samples 10 --output /home/admina/cot/hprobes_benchmarks/05.26/open_ended/triviaqa_2k_c1
  Mode:        open-ended (consistency)
  Dataset:     train.parquet  (2000 samples)
  Loading google/gemma-3-4b-it... done
  Faithful:  567 samples → /home/admina/cot/hprobes_benchmarks/05.26/open_ended/triviaqa_2k_c1.faithful.responses.jsonl
  Hallucinatory:  932 samples → /home/admina/cot/hprobes_benchmarks/05.26/open_ended/triviaqa_2k_c1.hallucinatory.responses.jsonl
  Mixed:  501 samples → /home/admina/cot/hprobes_benchmarks/05.26/open_ended/triviaqa_2k_c1.mixed.responses.jsonl
  Balanced: 567 faithful + 567 hallucinatory = 1134 total
  Consistent:  1134 samples after filtering
  Fitting (l1_C=1.0)...[hprobes] Layers: 34  |  Features: 348,160  |  Mode: H-Neuron (dual-span)
[hprobes] Valid: 1134  |  Accuracy: 0.500
[hprobes] H-Neurons: 5  |  Ratio: 0.014‰
[hprobes] Top layers: [(30, 1), (28, 1), (27, 1), (16, 1), (14, 1)]
 done
  H-Neurons:   5  (0.014‰ of all features)
  Accuracy:    0.500
  Layers:      {14: 1, 16: 1, 27: 1, 28: 1, 30: 1}

  Scoring...
[hprobes] AUROC: 0.740  |  Random: 0.586  |  Gap: +0.154
  AUROC:           0.740
  Random baseline: 0.586
  AUROC gap:      +0.154
  Balanced acc:    0.670

  Causal validation skipped (open-ended; use behavioral benchmarks)

  Saved → /home/admina/cot/hprobes_benchmarks/05.26/open_ended/triviaqa_2k_c1.json  +  triviaqa_2k_c1.pkl
