  Command:     hprobes run --model google/gemma-3-4b-it --data /home/ubuntu/hprobes_data/bioasq/train.parquet --samples 2000 --l1-c 1 --top-k 0 --batch-size 256 --gen-batch-size 128 --consistency-samples 10 --device cuda --l2 --stability --correlation --causal-samples 500 --causal-seeds 5 --random-baseline
  Mode:        open-ended (consistency)
  Dataset:     train.parquet  (2000 samples)
  Loading google/gemma-3-4b-it... done
  Faithful:  603 samples → results/2026-06-06/google_gemma-3-4b-it_train_102845.faithful.responses.jsonl
  Hallucinatory:  914 samples → results/2026-06-06/google_gemma-3-4b-it_train_102845.hallucinatory.responses.jsonl
  Mixed:  483 samples → results/2026-06-06/google_gemma-3-4b-it_train_102845.mixed.responses.jsonl
  Balanced: 603 faithful + 603 hallucinatory = 1206 total
  Consistent:  1206 samples after filtering
  Fitting (l1_C=1.0)...[hprobes] Layers: 34  |  Features: 348,160  |  Mode: H-Neuron (dual-span)
[hprobes] Valid: 1206  |  Accuracy: 0.500
[hprobes] H-Neurons: 14  |  Ratio: 0.040‰
[hprobes] Top layers: [(26, 2), (6, 2), (28, 1), (15, 1), (17, 1)]
 done
  H-Neurons:   14  (0.040‰ of all features)
  Accuracy:    0.500
  Layers:      {4: 1, 6: 2, 15: 1, 16: 1, 17: 1, 21: 1, 25: 1, 26: 2, 27: 1, 28: 1, 29: 1, 30: 1}

  Scoring...
[hprobes] AUROC: 0.969  |  Random: 0.500  |  Gap: +0.469
  AUROC:           0.969
  Random baseline: 0.500
  AUROC gap:      +0.469
  Balanced acc:    0.913

  Causal validation (α → correctness rate, n=500, 5 seeds):
    α=0.0 → 0.480 ± 0.005  ← suppression
    α=1.0 → 0.497 ± 0.004  ← baseline
    α=2.0 → 0.493 ± 0.006  ← amplification

  McNemar test (α=0 vs α=1): b=19, c=60, p=0.0000 (significant)

  Random baseline (14 random neurons):
    α=0.0 → 0.492
    α=1.0 → 0.496
    α=2.0 → 0.496

  Saved → results/2026-06-06/google_gemma-3-4b-it_train_102845.json  +  google_gemma-3-4b-it_train_102845.pkl
