  Command:     hprobes run --model google/gemma-3-4b-it --data data/bioasq_train.parquet --samples 2000 --gen-batch-size 96 --batch-size 256 --l1-c 1 --top-k 0 --l2 --stability --correlation --random-baseline --consistency-samples 10 --max-new-tokens 40
  Mode:        open-ended (consistency)
  Dataset:     bioasq_train.parquet  (2000 samples)
  Loading google/gemma-3-4b-it... done
  Faithful:  595 samples → results/2026-06-02/google_gemma-3-4b-it_bioasq_train_110814.faithful.responses.jsonl
  Hallucinatory:  965 samples → results/2026-06-02/google_gemma-3-4b-it_bioasq_train_110814.hallucinatory.responses.jsonl
  Mixed:  440 samples → results/2026-06-02/google_gemma-3-4b-it_bioasq_train_110814.mixed.responses.jsonl
  Balanced: 595 faithful + 595 hallucinatory = 1190 total
  Consistent:  1190 samples after filtering
  Fitting (l1_C=1.0)...[hprobes] Layers: 34  |  Features: 348,160  |  Mode: H-Neuron (dual-span)
[hprobes] Valid: 1190  |  Accuracy: 0.500
[hprobes] H-Neurons: 8  |  Ratio: 0.023‰
[hprobes] Top layers: [(28, 1), (17, 1), (6, 1), (23, 1), (25, 1)]
 done
  H-Neurons:   8  (0.023‰ of all features)
  Accuracy:    0.500
  Layers:      {6: 1, 16: 1, 17: 1, 23: 1, 25: 1, 27: 1, 28: 1, 30: 1}

  Scoring...
[hprobes] AUROC: 0.974  |  Random: 0.500  |  Gap: +0.474
  AUROC:           0.974
  Random baseline: 0.500
  AUROC gap:      +0.474
  Balanced acc:    0.916

  Causal validation (α → correctness rate):
    α=0.0 → 0.550  ← suppression
    α=1.0 → 0.550  ← baseline
    α=2.0 → 0.520  ← amplification

  Random baseline (8 random neurons):
    α=0.0 → 0.530
    α=1.0 → 0.530
    α=2.0 → 0.540

  Saved → results/2026-06-02/google_gemma-3-4b-it_bioasq_train_110814.json  +  google_gemma-3-4b-it_bioasq_train_110814.pkl
